node.exe : (node:27772) 
[FSTDEP022] FastifyWarning: 
The router options for 
constraints property access 
is deprecated. Please use 
"options.routerOptions" 
instead for accessing router 
options. The router options 
will be removed in 
`fastify@6`.
At line:1 char:1
+ & "C:\Program 
Files\nodejs/node.exe" 
"C:\Program 
Files\nodejs/node_mo ...
+ ~~~~~~~~~~~~~~~~~~~~~~~~~~~
~~~~~~~~~~~~~~~~~~~~~~~~~~~~~
~~~~~~~~~~~~~
    + CategoryInfo           
   : NotSpecified: ((node:2  
  7772) [F...in `fastify@6   
 `.:String) [], RemoteExc    
eption
    + FullyQualifiedErrorId  
   : NativeCommandError
 
(Use `node --trace-warnings 
...` to show where the 
warning was created)
[31m[Nest] 27772  - 
[39m03/01/2026, 15:20:32 
[31m  ERROR[39m 
[38;5;3m[ExceptionsHandler] 
[39m[31mres.setCookie is 
not a function[39m
TypeError: res.setCookie is 
not a function
    at LoginController.login 
(C:\Users\dev_fx\Desktop\all 
the work\myaccounts\controlle
rs\auth\login.controller.ts:2
9:13)
    at 
processTicksAndRejections (no
de:internal/process/task_queu
es:103:5)
    at 
C:\Users\dev_fx\Desktop\all 
the work\myaccounts\node_modu
les\@nestjs\core\router\route
r-execution-context.js:46:28
    at Object.<anonymous> 
(C:\Users\dev_fx\Desktop\all 
the work\myaccounts\node_modu
les\@nestjs\core\router\route
r-proxy.js:9:17)
(node:27772) Warning: 
`--localstorage-file` was 
provided without a valid path
FAIL test/auth.e2e-spec.ts 
(6.106 s)
  LoginController (e2e)
    ├ù /api/v1/auth/login 
(POST) - Success (31 ms)
    ΓêÜ /api/v1/auth/login 
(POST) - Unauthorized (6 ms)

  ΓùÅ LoginController (e2e) 
ΓÇ║ /api/v1/auth/login 
(POST) - Success

    expected 201 "Created", 
got 500 "Internal Server 
Error"

    [0m [90m 50 |[39m     
        [33m.[39mpost([32m
'/api/v1/auth/login'[39m)
     [90m 51 |[39m         
    [33m.[39msend({ 
identifier[33m:[39m [32m't
est@example.com'[39m[33m,[
39m password[33m:[39m 
[32m'password'[39m })
    
[31m[1m>[22m[39m[90m 52 
|[39m             [33m.[39
mexpect([35m201[39m)
     [90m    |[39m         
     [31m[1m^[22m[39m
     [90m 53 |[39m         
    [33m.[39mexpect((res) 
[33m=>[39m {
     [90m 54 |[39m         
        expect(res[33m.[39m
body)[33m.[39mtoHavePropert
y([32m'access_token'[39m[3
3m,[39m [32m'fake_access_to
ken'[39m)[33m;[39m
     [90m 55 |[39m         
        [90m// Check 
cookies if supertest 
supports it with 
fastify[39m[0m

      at Object.<anonymous> 
(auth.e2e-spec.ts:52:14)
      ----
      at Test._assertStatus (
../node_modules/supertest/lib
/test.js:309:14)
      at ../node_modules/supe
rtest/lib/test.js:365:13
      at 
Test._assertFunction (../node
_modules/supertest/lib/test.j
s:342:13)
      at Test.assert (../node
_modules/supertest/lib/test.j
s:195:23)
      at localAssert (../node
_modules/supertest/lib/test.j
s:138:14)
      at Server.<anonymous> (
../node_modules/supertest/lib
/test.js:152:11)

Test Suites: 1 failed, 1 
total
Tests:       1 failed, 1 
passed, 2 total
Snapshots:   0 total
Time:        6.429 s, 
estimated 7 s
Ran all test suites.
